// Jest Snapshot v1, https://goo.gl/fbAQLP

exports[`Storyshots Checkbox Default 1`] = `
<div
  className="sc-htpNat iharJH"
>
  <h3
    className="sc-bxivhb iDJTyr"
  >
    Checkbox checked
  </h3>
  <label
    checked={true}
    className="sc-checkbox sc-bwzfXH buIIzS"
  >
    <input
      checked={true}
      data-cy="checked_checkbox"
      onChange={[Function]}
      type="checkbox"
    />
    <i
      className="fas fa-check"
    />
    <span
      className="text sc-bdVaJa hERZIf"
    >
      interested?
    </span>
  </label>
  <h3
    className="sc-bxivhb iDJTyr"
  >
    Checkbox unchecked
  </h3>
  <label
    checked={false}
    className="sc-checkbox sc-bwzfXH fiqgwR"
  >
    <input
      checked={false}
      onChange={[Function]}
      type="checkbox"
    />
    <i
      className="fas fa-check"
    />
    <span
      className="text sc-bdVaJa hERZIf"
    >
      interested?
    </span>
  </label>
  <h3
    className="sc-bxivhb iDJTyr"
  >
    Checkbox disabled
  </h3>
  <label
    checked={false}
    className="sc-checkbox sc-bwzfXH dIukKP"
    disabled={true}
  >
    <input
      checked={false}
      disabled={true}
      onChange={[Function]}
      type="checkbox"
    />
    <i
      className="fas fa-check"
    />
    <span
      className="text sc-bdVaJa hERZIf"
    >
      interested?
    </span>
  </label>
</div>
`;
