// Jest Snapshot v1, https://goo.gl/fbAQLP

exports[`Storyshots Tabs Default 1`] = `
<div
  className="sc-EHOje dxVLzp"
>
  <h3
    className="sc-bZQynM bIGhLO"
  >
    Default Tabs 
  </h3>
  <div
    className="sc-tabs sc-bdVaJa iROZJK"
  >
    <div
      className="sc-tabs-bar sc-bwzfXH itIjAn"
    >
      <div
        className="sc-tabs-item sc-htpNat jSgFvj"
        onClick={[Function]}
        selected={true}
      >
        <p
          className="sc-tabs-item-title sc-bxivhb bMhwVV"
          selected={true}
        >
          Detail
        </p>
      </div>
      <div
        className="sc-tabs-item sc-htpNat dwCgBV"
        onClick={[Function]}
        selected={false}
      >
        <p
          className="sc-tabs-item-title sc-bxivhb Puxhp"
          selected={false}
        >
          Pods
        </p>
      </div>
      <div
        className="sc-tabs-item sc-htpNat dwCgBV"
        onClick={[Function]}
        selected={false}
      >
        <p
          className="sc-tabs-item-title sc-bxivhb Puxhp"
          selected={false}
        >
          Volumes
        </p>
      </div>
    </div>
    <div
      className="sc-tabs-item-content sc-ifAKCX hpMKg"
    />
  </div>
</div>
`;
