// Jest Snapshot v1, https://goo.gl/fbAQLP

exports[`Storyshots Breadcrumb Default 1`] = `
<div
  className="sc-bxivhb eTQnSH"
>
  <h3
    className="sc-ifAKCX byxrvZ"
  >
    Default Breadcrumb 
  </h3>
  <ol
    className="sc-breadcrumb sc-bdVaJa uRaVh"
  >
    <li
      className="sc-breadcrumb_item sc-bwzfXH lMHcU"
    >
      <a
        href="home"
      >
        home
      </a>
    </li>
    <li
      className="sc-breadcrumb_separator sc-htpNat fmvEAc"
    >
      <i
        className="fas fa-chevron-right"
      />
    </li>
    <li
      className="sc-breadcrumb_item sc-bwzfXH lMHcU"
    >
      <label
        href="clusters"
      >
        clusters
      </label>
    </li>
    <li
      className="sc-breadcrumb_separator sc-htpNat fmvEAc"
    >
      <i
        className="fas fa-chevron-right"
      />
    </li>
    <li
      className="sc-breadcrumb_item sc-bwzfXH lMHcU"
    >
      <a
        href="cluster"
      >
        cluster_1
      </a>
    </li>
    <li
      className="sc-breadcrumb_separator sc-htpNat fmvEAc"
    >
      <i
        className="fas fa-chevron-right"
      />
    </li>
    <li
      className="sc-breadcrumb_item sc-bwzfXH lMHcU"
    >
      <label
        href="nodes"
      >
        nodes
      </label>
    </li>
    <li
      className="sc-breadcrumb_separator sc-htpNat fmvEAc"
    >
      <i
        className="fas fa-chevron-right"
      />
    </li>
    <li
      className="sc-breadcrumb_item sc-bwzfXH lMHcU"
    >
      <a
        href="node"
        title="node_longlonglonglonglonglonglonglonglonglonglong"
      >
        node_longlonglonglonglonglonglonglonglonglonglong
      </a>
    </li>
    <li
      className="sc-breadcrumb_separator sc-htpNat fmvEAc"
    >
      <i
        className="fas fa-chevron-right"
      />
    </li>
    <li
      className="sc-breadcrumb_item sc-bwzfXH lMHcU"
    >
      <a
        href="volumes"
      >
        volumes
      </a>
    </li>
    <li
      className="sc-breadcrumb_separator sc-htpNat fmvEAc"
    >
      <i
        className="fas fa-chevron-right"
      />
    </li>
    <li
      className="sc-breadcrumb_item sc-bwzfXH cAeBKZ"
    >
      <label
        title="volume_longlonglonglonglonglonglonglonglong"
      >
        volume_longlonglonglonglonglonglonglonglong
      </label>
    </li>
  </ol>
</div>
`;
