// Jest Snapshot v1, https://goo.gl/fbAQLP

exports[`Storyshots Tooltip Default 1`] = `
<div>
  <h3>
    Right (Default) 
  </h3>
  <div
    class="tooltipDiv"
  >
    <div
      className="sc-tooltip sc-bdVaJa bDWFJH"
    >
      <span
        class="tooltipText"
        onMouseEnter={[Function]}
        onMouseLeave={[Function]}
      >
        Hover me!
      </span>
    </div>
  </div>
  <h3>
    Top
  </h3>
  <div
    class="tooltipDiv"
  >
    <div
      className="sc-tooltip sc-bdVaJa bDWFJH"
    >
      <span
        class="tooltipText"
        onMouseEnter={[Function]}
        onMouseLeave={[Function]}
      >
        Hover me!
      </span>
    </div>
  </div>
  <h3>
    Bottom
  </h3>
  <div
    class="tooltipDiv"
  >
    <div
      className="sc-tooltip sc-bdVaJa bDWFJH"
    >
      <span
        class="tooltipText"
        onMouseEnter={[Function]}
        onMouseLeave={[Function]}
      >
        Hover me!
      </span>
    </div>
  </div>
  <h3>
    Left
  </h3>
  <div
    class="tooltipDiv"
  >
    <div
      className="sc-tooltip sc-bdVaJa bDWFJH"
    >
      <span
        class="tooltipText"
        onMouseEnter={[Function]}
        onMouseLeave={[Function]}
      >
        Hover me!
      </span>
    </div>
  </div>
</div>
`;
