// Jest Snapshot v1, https://goo.gl/fbAQLP

exports[`Storyshots Notifications Default 1`] = `
<div
  className="sc-EHOje dxVLzp"
>
  <div
    className="sc-notifications sc-ifAKCX foTAQB"
  >
    <div
      className="sc-notification sc-bdVaJa cORIOQ"
      data-cy="Carlito_notification"
      onMouseEnter={[Function]}
      onMouseLeave={[Function]}
    >
      <div
        className="sc-bwzfXH kumyrY"
      >
        Hi
      </div>
      <div>
        I am Carlito. I live at TOP_RIGHT
      </div>
      <div
        className="sc-bxivhb iITFSd"
        onClick={[Function]}
      >
        <i
          className="fas fa-times"
        />
      </div>
    </div>
    <div
      className="sc-notification sc-bdVaJa iMRTLO"
      data-cy="Patrick_notification"
      onMouseEnter={[Function]}
      onMouseLeave={[Function]}
    >
      <div
        className="sc-bwzfXH kumyrY"
      >
        Hi
      </div>
      <div>
        I am Patrick. I live at TOP_RIGHT
      </div>
      <div
        className="sc-bxivhb iITFSd"
        onClick={[Function]}
      >
        <i
          className="fas fa-times"
        />
      </div>
    </div>
  </div>
  <div
    className="sc-notifications sc-ifAKCX rJoNA"
  >
    <div
      className="sc-notification sc-bdVaJa cojbSw"
      onMouseEnter={[Function]}
      onMouseLeave={[Function]}
    >
      <div
        className="sc-bwzfXH kumyrY"
      >
        Hi
      </div>
      <div>
        I am Jordi. I live at TOP_LEFT
      </div>
      <div
        className="sc-bxivhb iITFSd"
        onClick={[Function]}
      >
        <i
          className="fas fa-times"
        />
      </div>
    </div>
    <div
      className="sc-notification sc-bdVaJa kWDgMl"
      onMouseEnter={[Function]}
      onMouseLeave={[Function]}
    >
      <div
        className="sc-bwzfXH kumyrY"
      >
        Hi
      </div>
      <div>
        I am Guidllaume. I live at TOP_LEFT
      </div>
      <div
        className="sc-htpNat exAJUA"
        max={10000}
        value={0}
      />
      <div
        className="sc-bxivhb iITFSd"
        onClick={[Function]}
      >
        <i
          className="fas fa-times"
        />
      </div>
    </div>
  </div>
  <div
    className="sc-notifications sc-ifAKCX fQVauU"
  >
    <div
      className="sc-notification sc-bdVaJa iuvsdJ"
      onMouseEnter={[Function]}
      onMouseLeave={[Function]}
    >
      <div
        className="sc-bwzfXH kumyrY"
      >
        Hi
      </div>
      <div>
        I am Teddy. I live at BOTTOM_LEFT
      </div>
      <div
        className="sc-bxivhb iITFSd"
        onClick={[Function]}
      >
        <i
          className="fas fa-times"
        />
      </div>
    </div>
    <div
      className="sc-notification sc-bdVaJa tGEAk"
      onMouseEnter={[Function]}
      onMouseLeave={[Function]}
    >
      <div
        className="sc-bwzfXH kumyrY"
      >
        Hi
      </div>
      <div>
        I am Saif. I live at BOTTOM_LEFT
      </div>
      <div
        className="sc-htpNat kLmLPY"
        max={5000}
        value={0}
      />
      <div
        className="sc-bxivhb iITFSd"
        onClick={[Function]}
      >
        <i
          className="fas fa-times"
        />
      </div>
    </div>
  </div>
  <div
    className="sc-notifications sc-ifAKCX dsdPyg"
  >
    <div
      className="sc-notification sc-bdVaJa cojbSw"
      onMouseEnter={[Function]}
      onMouseLeave={[Function]}
    >
      <div
        className="sc-bwzfXH kumyrY"
      >
        Hi
      </div>
      <div>
        I am Charles. I live at BOTTOM_RIGHT
      </div>
      <div
        className="sc-bxivhb iITFSd"
        onClick={[Function]}
      >
        <i
          className="fas fa-times"
        />
      </div>
    </div>
    <div
      className="sc-notification sc-bdVaJa iuvsdJ"
      onMouseEnter={[Function]}
      onMouseLeave={[Function]}
    >
      <div
        className="sc-bwzfXH kumyrY"
      >
        Hi
      </div>
      <div>
        I am Claude. I live at BOTTOM_RIGHT
      </div>
      <div
        className="sc-bxivhb iITFSd"
        onClick={[Function]}
      >
        <i
          className="fas fa-times"
        />
      </div>
    </div>
  </div>
</div>
`;
